asq_dsl_s.cc
asq_dsl_s.h
asqtad_dslash.h
asqtad_linop_s.cc
asqtad_linop_s.h
asqtad_mdagm_s.cc
asqtad_mdagm_s.h
central_tprec_nospin_utils.h
clover_apply_ssed.cc
clover_term_bagel_clover.cc
clover_term_bagel_clover.h
clover_term_base_w.cc
clover_term_base_w.h
clover_term_llvm_w.h
clover_term_nvvm_w.h
clover_term_ptx_w.h
clover_term_qdp_w.cc
clover_term_qdp_w.h
clover_term_ssed.cc
clover_term_ssed.h
clover_term_w.h
dslash_array_w.h
dslash_w.h
dwffld_w.cc
dwffld_w.h
eo3dprec_s_cprec_t_clover_linop_w.cc
eo3dprec_s_cprec_t_clover_linop_w.h
eo3dprec_s_cprec_t_wilson_linop_w.cc
eo3dprec_s_cprec_t_wilson_linop_w.h
eoprec_clover_dumb_linop_w.cc
eoprec_clover_dumb_linop_w.h
eoprec_clover_extfield_linop_w.cc
eoprec_clover_extfield_linop_w.h
eoprec_clover_linop_ssecombined_w.cc
eoprec_clover_linop_w.cc
eoprec_clover_linop_w.h
eoprec_clover_orbifold_linop_w.cc
eoprec_clover_orbifold_linop_w.h
eoprec_dwflike_linop_base_array_w.h
eoprec_dwf_linop_array_w.cc
eoprec_dwf_linop_array_w.h
eoprec_ht_contfrac5d_linop_array_w.cc
eoprec_ht_contfrac5d_linop_array_w.h
eoprec_nef_general_linop_array_w.cc
eoprec_nef_general_linop_array_w.h
eoprec_nef_linop_array_w.cc
eoprec_nef_linop_array_w.h
eoprec_ovdwf_linop_array_w.cc
eoprec_ovdwf_linop_array_w.h
eoprec_ovext_linop_array_w.cc
eoprec_ovext_linop_array_w.h
eoprec_ovlap_contfrac5d_linop_array_opt_w.cc
eoprec_ovlap_contfrac5d_linop_array_opt_w.h
eoprec_ovlap_contfrac5d_linop_array_w.cc
eoprec_ovlap_contfrac5d_linop_array_w.h
eoprec_ovlap_contfrac5d_linop_base_array_w.cc
eoprec_ovlap_contfrac5d_linop_base_array_w.h
eoprec_ovlap_contfrac5d_pv_linop_array_w.cc
eoprec_ovlap_contfrac5d_pv_linop_array_w.h
eoprec_parwilson_linop_w.cc
eoprec_parwilson_linop_w.h
eoprec_slic_linop_w.cc
eoprec_slic_linop_w.h
eoprec_slrc_dumb_linop_w_qcdsf.cc
eoprec_slrc_dumb_linop_w_qcdsf.h
eoprec_slrc_feynhell_dumb_linop_w_qcdsf.cc
eoprec_slrc_feynhell_dumb_linop_w_qcdsf.h
eoprec_slrc_feynhell_linop_w.cc
eoprec_slrc_feynhell_linop_w.h
eoprec_slrc_linop_w.cc
eoprec_slrc_linop_w.h
eoprec_twm_linop_array_w.cc
eoprec_twm_linop_array_w.h
eoprec_wilson_linop_w.cc
eoprec_wilson_linop_w.h
fat7_links_s.cc
ilu2prec_s_cprec_t_clover_linop_w.cc
ilu2prec_s_cprec_t_clover_linop_w.h
ilu2prec_s_cprec_t_wilsonlike_linop_w.h
ilu2prec_s_cprec_t_wilson_linop_w.cc
ilu2prec_s_cprec_t_wilson_linop_w.h
iluprec_s_cprec_t_clover_linop_w.cc
iluprec_s_cprec_t_clover_linop_w.h
iluprec_s_cprec_t_wilsonlike_linop_w.h
iluprec_s_cprec_t_wilson_linop_w.cc
iluprec_s_cprec_t_wilson_linop_w.h
improvement_terms_s.h
klein_gordon_linop_s.cc
klein_gordon_linop_s.h
lDeltaLs_w.cc
lDeltaLs_w.h
ldumul_w.cc
lg5eps_double_pass_w.cc
lg5eps_double_pass_w.h
lg5eps_w.cc
lg5eps_w.h
lg5Rherm_w.h
lgherm_w.h
linop.h
linop_s.h
linop_w.h
llincomb.h
lopishift.h
lopscl.h
lovddag_double_pass_w.cc
lovddag_double_pass_w.h
lovddag_w.cc
lovddag_w.h
lovlap_double_pass_w.cc
lovlap_double_pass_w.h
lovlapms_w.cc
lovlapms_w.h
lunprec_w.h
lwldslash_3d_qdp_w.cc
lwldslash_3d_qdp_w.h
lwldslash_3d_sse_w.cc
lwldslash_3d_sse_w.h
lwldslash_array_pab_w.cc
lwldslash_array_pab_w.h
lwldslash_array_qdpopt_w.cc
lwldslash_array_qdpopt_w.h
lwldslash_array_sse_w.cc
lwldslash_array_sse_w.h
lwldslash_array_w.cc
lwldslash_array_w.h
lwldslash_base_3d_w.cc
lwldslash_base_3d_w.h
lwldslash_base_array_w.cc
lwldslash_base_array_w.h
lwldslash_base_w.cc
lwldslash_base_w.h
lwldslash_llvm_w.h
lwldslash_qdpopt_w.cc
lwldslash_qdpopt_w.h
lwldslash_w.cc
lwldslash_w_cppd.cc
lwldslash_w_cppd.h
lwldslash_w_cppf.cc
lwldslash_w_cppf.h
lwldslash_w.h
lwldslash_w_pab.cc
lwldslash_w_pab.h
lwldslash_w_sse.cc
lwldslash_w_sse.h
naik_term_s.cc
ovlap_contfrac5d_w.h
partrat.h
polprec_op.h
polynomial_op.h
tprec_wilson_linop_w.cc
tprec_wilson_linop_w.h
unprec_clover_linop_w.cc
unprec_clover_linop_w.h
unprec_dwf4d_linop_w.cc
unprec_dwf4d_linop_w.h
unprec_dwflike_linop_base_array_w.h
unprec_dwf_linop_array_w.cc
unprec_dwf_linop_array_w.h
unprec_dwftransf_linop_w.cc
unprec_dwftransf_linop_w.h
unprec_graphene_linop_w.cc
unprec_graphene_linop_w.h
unprec_hamberwu_linop_w.cc
unprec_hamberwu_linop_w.h
unprec_ht_contfrac5d_linop_array_w.cc
unprec_ht_contfrac5d_linop_array_w.h
unprec_nef_linop_array_w.cc
unprec_nef_linop_array_w.h
unprec_ovdwf_linop_array_w.cc
unprec_ovdwf_linop_array_w.h
unprec_ovext_linop_array_w.cc
unprec_ovext_linop_array_w.h
unprec_ovlap_contfrac5d_linop_array_w.cc
unprec_ovlap_contfrac5d_linop_array_w.h
unprec_ovlap_contfrac5d_nonhermop_array_w.cc
unprec_ovlap_contfrac5d_nonhermop_array_w.h
unprec_ovlap_contfrac5d_pv_linop_array_w.cc
unprec_ovlap_contfrac5d_pv_linop_array_w.h
unprec_parwilson_linop_w.cc
unprec_parwilson_linop_w.h
unprec_pdwf4d_linop_w.cc
unprec_pdwf4d_linop_w.h
unprec_ppdwf4d_linop_w.cc
unprec_ppdwf4d_linop_w.h
unprec_s_cprec_t_wilson_linop_w.cc
unprec_s_cprec_t_wilson_linop_w.h
unprec_slrc_feynhell_dumb_linop_w.cc
unprec_slrc_feynhell_dumb_linop_w.h
unprec_slrc_feynhell_linop_w.cc
unprec_slrc_feynhell_linop_w.h
unprec_slrc_linop_w.cc
unprec_slrc_linop_w.h
unprec_w12_linop_w.cc
unprec_w12_linop_w.h
unprec_wilson_linop_w.cc
unprec_wilson_linop_w.h
